Starting run_pipeline.py...
Environment variable CCD_MIRROR_PATH not set. Will not be able to use function requiring this variable. To set it you may:
  (1) add the line 'export VAR_NAME=path/to/variable' to your .bashrc or .zshrc file
  (2) set it in your current shell with 'export VAR_NAME=path/to/variable'
  (3) write it to a .env file in the root of the atomworks.io repository
Environment variable PDB_MIRROR_PATH not set. Will not be able to use function requiring this variable. To set it you may:
  (1) add the line 'export VAR_NAME=path/to/variable' to your .bashrc or .zshrc file
  (2) set it in your current shell with 'export VAR_NAME=path/to/variable'
  (3) write it to a .env file in the root of the atomworks.io repository
Failed to get GPU information from pynvml: Not Supported. Using default values for NVIDIA GeForce RTX 3060.
GPU information: NVIDIA RTX A6000, 8, 6, 45, 84, 300, 2100
17:06:03 DEBUG transforms: Debug mode is on
Seed set to 42
Mutating 4 'ND' ions to 'EU3'...
Metal 1 (Chain A, ResID 201) -> Closest protein res: Chain A, ResID 35
Metal 2 (Chain A, ResID 202) -> Closest protein res: Chain A, ResID 59
Metal 3 (Chain A, ResID 203) -> Closest protein res: Chain A, ResID 84
Metal 4 (Chain A, ResID 204) -> Closest protein res: Chain A, ResID 108
Found 4 metal binding sites for EU3.
Test mode enabled. Only processing the first metal binding site.

--- Processing Metal 0 at A:201 ---
Redesigning residues 28 to 42. Context sizes: 679 atoms.
Original Sequence for Loop 0: AAAAFFFFFFFFFF
17:06:04 WARNING atomworks.io: Failed to build `_build_entity_poly`: 'AtomArray' object has no attribute 'chain_iid'
17:06:04 WARNING atomworks.io: We can't fix formal charges without building from templates, as we need to know the true number of hydrogens bonded to a given atom, not the inferred number. This may lead to occasional inaccuracies after adding inter-residue bonds. To avoid this and fix formal charges, set `add_missing_atoms = True`.
17:06:04 WARNING atomworks.io: Field b_factor not found in file, ignoring.
17:06:04 WARNING atomworks.io: Field occupancy not found in file, ignoring.
17:06:04 WARNING atomworks.io: Field charge not found in file, ignoring.
17:06:04 WARNING atomworks.io: Field is_motif_atom_with_fixed_coord not found in file, ignoring.
17:06:04 WARNING atomworks.io: Field is_motif_atom_unindexed_motif_breakpoint not found in file, ignoring.
17:06:04 WARNING atomworks.io: Field is_motif_atom_unindexed not found in file, ignoring.
17:06:04 WARNING atomworks.io: Field is_motif_atom_with_fixed_seq not found in file, ignoring.
17:06:05 WARNING foundry.utils.components: [rank: 0] Component 'EU3' maps to multiple residues. If you are using Symmetry this is OK.

Loading RFd3...
17:06:05 INFO rfd3.engine: [rank: 0] Low memory mode enabled.

[EU3 | Loop 0] RFd3 Execution (1 passes)
Using bfloat16 Automatic Mixed Precision (AMP)
You are using a CUDA device ('NVIDIA GeForce RTX 3060') that has Tensor Cores. To properly utilize them, you should set `torch.set_float32_matmul_precision('medium' | 'high')` which will trade-off precision for performance. For more details, read https://pytorch.org/docs/stable/generated/torch.set_float32_matmul_precision.html#torch.set_float32_matmul_precision
17:06:11 WARNING foundry.utils.weights: [rank: 0] Failed to apply policy: 'copy' to 'model.token_initializer.chunked_pairwise_embedder.motif_pos_embedder.output_proj.weight': Parameter 'model.token_initializer.chunked_pairwise_embedder.motif_pos_embedder.output_proj.weight' not found in checkpoint. Falling back to policy: 'reinit'.
17:06:11 WARNING foundry.utils.weights: [rank: 0] Failed to apply policy: 'copy' to 'model.token_initializer.chunked_pairwise_embedder.motif_pos_embedder.process_valid_mask.weight': Parameter 'model.token_initializer.chunked_pairwise_embedder.motif_pos_embedder.process_valid_mask.weight' not found in checkpoint. Falling back to policy: 'reinit'.
17:06:11 WARNING foundry.utils.weights: [rank: 0] Failed to apply policy: 'copy' to 'model.token_initializer.chunked_pairwise_embedder.ref_pos_embedder.process_inverse_dist.weight': Parameter 'model.token_initializer.chunked_pairwise_embedder.ref_pos_embedder.process_inverse_dist.weight' not found in checkpoint. Falling back to policy: 'reinit'.
17:06:11 WARNING foundry.utils.weights: [rank: 0] Failed to apply policy: 'copy' to 'model.token_initializer.chunked_pairwise_embedder.ref_pos_embedder.process_valid_mask.weight': Parameter 'model.token_initializer.chunked_pairwise_embedder.ref_pos_embedder.process_valid_mask.weight' not found in checkpoint. Falling back to policy: 'reinit'.
17:06:11 WARNING foundry.utils.weights: [rank: 0] Failed to apply policy: 'copy' to 'model.token_initializer.chunked_pairwise_embedder.process_single_l.1.weight': Parameter 'model.token_initializer.chunked_pairwise_embedder.process_single_l.1.weight' not found in checkpoint. Falling back to policy: 'reinit'.
17:06:11 WARNING foundry.utils.weights: [rank: 0] Failed to apply policy: 'copy' to 'model.token_initializer.chunked_pairwise_embedder.process_single_m.1.weight': Parameter 'model.token_initializer.chunked_pairwise_embedder.process_single_m.1.weight' not found in checkpoint. Falling back to policy: 'reinit'.
17:06:11 WARNING foundry.utils.weights: [rank: 0] Failed to apply policy: 'copy' to 'model.token_initializer.chunked_pairwise_embedder.process_z.0.weight': Parameter 'model.token_initializer.chunked_pairwise_embedder.process_z.0.weight' not found in checkpoint. Falling back to policy: 'reinit'.
17:06:11 WARNING foundry.utils.weights: [rank: 0] Failed to apply policy: 'copy' to 'model.token_initializer.chunked_pairwise_embedder.process_z.1.weight': Parameter 'model.token_initializer.chunked_pairwise_embedder.process_z.1.weight' not found in checkpoint. Falling back to policy: 'reinit'.
17:06:11 WARNING foundry.utils.weights: [rank: 0] Failed to apply policy: 'copy' to 'model.token_initializer.chunked_pairwise_embedder.pair_mlp.1.weight': Parameter 'model.token_initializer.chunked_pairwise_embedder.pair_mlp.1.weight' not found in checkpoint. Falling back to policy: 'reinit'.
17:06:11 WARNING foundry.utils.weights: [rank: 0] Failed to apply policy: 'copy' to 'model.token_initializer.chunked_pairwise_embedder.pair_mlp.3.weight': Parameter 'model.token_initializer.chunked_pairwise_embedder.pair_mlp.3.weight' not found in checkpoint. Falling back to policy: 'reinit'.
17:06:11 WARNING foundry.utils.weights: [rank: 0] Failed to apply policy: 'copy' to 'model.token_initializer.chunked_pairwise_embedder.pair_mlp.5.weight': Parameter 'model.token_initializer.chunked_pairwise_embedder.pair_mlp.5.weight' not found in checkpoint. Falling back to policy: 'reinit'.
17:06:11 WARNING foundry.utils.weights: [rank: 0] Failed to apply policy: 'copy' to 'shadow.token_initializer.chunked_pairwise_embedder.motif_pos_embedder.output_proj.weight': Parameter 'shadow.token_initializer.chunked_pairwise_embedder.motif_pos_embedder.output_proj.weight' not found in checkpoint. Falling back to policy: 'reinit'.
17:06:11 WARNING foundry.utils.weights: [rank: 0] Failed to apply policy: 'copy' to 'shadow.token_initializer.chunked_pairwise_embedder.motif_pos_embedder.process_valid_mask.weight': Parameter 'shadow.token_initializer.chunked_pairwise_embedder.motif_pos_embedder.process_valid_mask.weight' not found in checkpoint. Falling back to policy: 'reinit'.
17:06:11 WARNING foundry.utils.weights: [rank: 0] Failed to apply policy: 'copy' to 'shadow.token_initializer.chunked_pairwise_embedder.ref_pos_embedder.process_inverse_dist.weight': Parameter 'shadow.token_initializer.chunked_pairwise_embedder.ref_pos_embedder.process_inverse_dist.weight' not found in checkpoint. Falling back to policy: 'reinit'.
17:06:11 WARNING foundry.utils.weights: [rank: 0] Failed to apply policy: 'copy' to 'shadow.token_initializer.chunked_pairwise_embedder.ref_pos_embedder.process_valid_mask.weight': Parameter 'shadow.token_initializer.chunked_pairwise_embedder.ref_pos_embedder.process_valid_mask.weight' not found in checkpoint. Falling back to policy: 'reinit'.
17:06:11 WARNING foundry.utils.weights: [rank: 0] Failed to apply policy: 'copy' to 'shadow.token_initializer.chunked_pairwise_embedder.process_single_l.1.weight': Parameter 'shadow.token_initializer.chunked_pairwise_embedder.process_single_l.1.weight' not found in checkpoint. Falling back to policy: 'reinit'.
17:06:11 WARNING foundry.utils.weights: [rank: 0] Failed to apply policy: 'copy' to 'shadow.token_initializer.chunked_pairwise_embedder.process_single_m.1.weight': Parameter 'shadow.token_initializer.chunked_pairwise_embedder.process_single_m.1.weight' not found in checkpoint. Falling back to policy: 'reinit'.
17:06:11 WARNING foundry.utils.weights: [rank: 0] Failed to apply policy: 'copy' to 'shadow.token_initializer.chunked_pairwise_embedder.process_z.0.weight': Parameter 'shadow.token_initializer.chunked_pairwise_embedder.process_z.0.weight' not found in checkpoint. Falling back to policy: 'reinit'.
17:06:11 WARNING foundry.utils.weights: [rank: 0] Failed to apply policy: 'copy' to 'shadow.token_initializer.chunked_pairwise_embedder.process_z.1.weight': Parameter 'shadow.token_initializer.chunked_pairwise_embedder.process_z.1.weight' not found in checkpoint. Falling back to policy: 'reinit'.
17:06:11 WARNING foundry.utils.weights: [rank: 0] Failed to apply policy: 'copy' to 'shadow.token_initializer.chunked_pairwise_embedder.pair_mlp.1.weight': Parameter 'shadow.token_initializer.chunked_pairwise_embedder.pair_mlp.1.weight' not found in checkpoint. Falling back to policy: 'reinit'.
17:06:11 WARNING foundry.utils.weights: [rank: 0] Failed to apply policy: 'copy' to 'shadow.token_initializer.chunked_pairwise_embedder.pair_mlp.3.weight': Parameter 'shadow.token_initializer.chunked_pairwise_embedder.pair_mlp.3.weight' not found in checkpoint. Falling back to policy: 'reinit'.
17:06:11 WARNING foundry.utils.weights: [rank: 0] Failed to apply policy: 'copy' to 'shadow.token_initializer.chunked_pairwise_embedder.pair_mlp.5.weight': Parameter 'shadow.token_initializer.chunked_pairwise_embedder.pair_mlp.5.weight' not found in checkpoint. Falling back to policy: 'reinit'.
17:06:14 WARNING foundry.utils.components: [rank: 0] Component 'EU3' maps to multiple residues. If you are using Symmetry this is OK.
17:06:14 WARNING atomworks.io: The `extra_fields` argument will be ignored if there is no CIF file input.
17:06:14 WARNING atomworks.ml: Cached data not found for ALA at /net/tukwila/ncorley/datahub/MACE-OFF23_medium/A/ALA/ALA.pt
17:06:14 WARNING atomworks.ml: Cached data not found for EU3 at /net/tukwila/ncorley/datahub/MACE-OFF23_medium/E/EU3/EU3.pt
17:06:15 WARNING atomworks.io.utils.ccd: No suitable coordinates found for 'EU3' among preferences ('ideal_pdbx', 'model', 'ideal_rdkit'). Coordinates will be 'nan'.
17:06:15 WARNING atomworks.ml: Atom EU3 not found in conformer for residue EU3 with atom_names=array(['EU3'], dtype='<U6').
Traceback (most recent call last):
  File "/home/ryangustafson/Documents/GitHubProj/PhD-Research/MetalBinder/run_pipeline.py", line 241, in <module>
    main()
  File "/home/ryangustafson/Documents/GitHubProj/PhD-Research/MetalBinder/run_pipeline.py", line 112, in main
    rfd3_outputs_dict = rfd3_engine.run(
                        ^^^^^^^^^^^^^^^^
  File "/home/ryangustafson/miniconda3/envs/foundry/lib/python3.12/site-packages/rfd3/engine.py", line 226, in run
    outputs = self._run_multi(design_specifications)
              ^^^^^^^^^^^^^^^^^^^^^^^^^^^^^^^^^^^^^^
  File "/home/ryangustafson/miniconda3/envs/foundry/lib/python3.12/site-packages/rfd3/engine.py", line 261, in _run_multi
    for batch_idx, batch in enumerate(loader):
                            ^^^^^^^^^^^^^^^^^
  File "/home/ryangustafson/miniconda3/envs/foundry/lib/python3.12/site-packages/lightning/fabric/wrappers.py", line 326, in __iter__
    for item in self._dataloader:
                ^^^^^^^^^^^^^^^^
  File "/home/ryangustafson/miniconda3/envs/foundry/lib/python3.12/site-packages/torch/utils/data/dataloader.py", line 708, in __next__
    data = self._next_data()
           ^^^^^^^^^^^^^^^^^
  File "/home/ryangustafson/miniconda3/envs/foundry/lib/python3.12/site-packages/torch/utils/data/dataloader.py", line 764, in _next_data
    data = self._dataset_fetcher.fetch(index)  # may raise StopIteration
           ^^^^^^^^^^^^^^^^^^^^^^^^^^^^^^^^^^
  File "/home/ryangustafson/miniconda3/envs/foundry/lib/python3.12/site-packages/torch/utils/data/_utils/fetch.py", line 52, in fetch
    data = [self.dataset[idx] for idx in possibly_batched_index]
            ~~~~~~~~~~~~^^^^^
  File "/home/ryangustafson/miniconda3/envs/foundry/lib/python3.12/site-packages/rfd3/inference/datasets.py", line 171, in __getitem__
    data = self.transform(data)
           ^^^^^^^^^^^^^^^^^^^^
  File "/home/ryangustafson/miniconda3/envs/foundry/lib/python3.12/site-packages/atomworks/ml/transforms/base.py", line 344, in __call__
    data = self.forward(data, *args, **kwargs)
           ^^^^^^^^^^^^^^^^^^^^^^^^^^^^^^^^^^^
  File "/home/ryangustafson/miniconda3/envs/foundry/lib/python3.12/site-packages/atomworks/ml/transforms/base.py", line 581, in forward
    raise e.with_traceback(e.__traceback__)  # noqa: B904
    ^^^^^^^^^^^^^^^^^^^^^^^^^^^^^^^^^^^^^^^
  File "/home/ryangustafson/miniconda3/envs/foundry/lib/python3.12/site-packages/atomworks/ml/transforms/base.py", line 551, in forward
    data = transform(
           ^^^^^^^^^^
  File "/home/ryangustafson/miniconda3/envs/foundry/lib/python3.12/site-packages/atomworks/ml/transforms/base.py", line 344, in __call__
    data = self.forward(data, *args, **kwargs)
           ^^^^^^^^^^^^^^^^^^^^^^^^^^^^^^^^^^^
  File "/home/ryangustafson/miniconda3/envs/foundry/lib/python3.12/site-packages/rfd3/transforms/design_transforms.py", line 257, in forward
    reference_features_unmasked = get_af3_reference_molecule_features(
                                  ^^^^^^^^^^^^^^^^^^^^^^^^^^^^^^^^^^^^
  File "/home/ryangustafson/miniconda3/envs/foundry/lib/python3.12/site-packages/atomworks/ml/transforms/af3_reference_molecule.py", line 402, in get_af3_reference_molecule_features
    ref_pos[res_start:res_end] = _ref_pos
    ~~~~~~~^^^^^^^^^^^^^^^^^^^
ValueError: Transforms failed at stage `CreateDesignReferenceFeatures`: could not broadcast input array from shape (0,3) into shape (1,3)
Failure occurred for example ID: backbone_0_0.
